src/components/sections/AquaticGallery.tsx(8,13): error TS2339: Property 'aquaticGallery' does not exist on type '{ hero: { badge: string; title: string; subtitle: string; backgroundImage: string; }; philosophy: { quote: string; author: string; backgroundImage: string; }; recoveryLab: { badge: string; title: string; description: string; cards: { ...; }[]; }; performanceHub: { ...; }; hospitality: { ...; }; footer: { ...; }; }'.
src/components/sections/AquaticGallery.tsx(64,48): error TS7006: Parameter 'stat' implicitly has an 'any' type.
src/components/sections/AquaticGallery.tsx(64,54): error TS7006: Parameter 'idx' implicitly has an 'any' type.
src/components/sections/FitnessSanctuary.tsx(4,13): error TS2339: Property 'fitnessSanctuary' does not exist on type '{ hero: { badge: string; title: string; subtitle: string; backgroundImage: string; }; philosophy: { quote: string; author: string; backgroundImage: string; }; recoveryLab: { badge: string; title: string; description: string; cards: { ...; }[]; }; performanceHub: { ...; }; hospitality: { ...; }; footer: { ...; }; }'.
src/components/sections/FitnessSanctuary.tsx(35,57): error TS7006: Parameter 'feature' implicitly has an 'any' type.
src/components/sections/FitnessSanctuary.tsx(35,66): error TS7006: Parameter 'idx' implicitly has an 'any' type.
src/components/sections/HeroSection.tsx(60,21): error TS2322: Type '{ hidden: { opacity: number; y: number; }; visible: (delay: number) => { opacity: number; y: number; transition: { duration: number; ease: number[]; delay: number; }; }; }' is not assignable to type 'Variants'.
  Property 'visible' is incompatible with index signature.
    Type '(delay: number) => { opacity: number; y: number; transition: { duration: number; ease: number[]; delay: number; }; }' is not assignable to type 'Variant'.
      Type '(delay: number) => { opacity: number; y: number; transition: { duration: number; ease: number[]; delay: number; }; }' is not assignable to type 'TargetResolver'.
        Type '{ opacity: number; y: number; transition: { duration: number; ease: number[]; delay: number; }; }' is not assignable to type 'string | TargetAndTransition'.
          Type '{ opacity: number; y: number; transition: { duration: number; ease: number[]; delay: number; }; }' is not assignable to type 'TargetAndTransition'.
            Type '{ opacity: number; y: number; transition: { duration: number; ease: number[]; delay: number; }; }' is not assignable to type '{ transition?: Transition<any> | undefined; transitionEnd?: ResolvedValues$1 | undefined; }'.
              Types of property 'transition' are incompatible.
                Type '{ duration: number; ease: number[]; delay: number; }' is not assignable to type 'Transition<any> | undefined'.
                  Type '{ duration: number; ease: number[]; delay: number; }' is not assignable to type 'TransitionWithValueOverrides<any>'.
                    Type '{ duration: number; ease: number[]; delay: number; }' is not assignable to type 'ValueAnimationTransition<any>'.
                      Types of property 'ease' are incompatible.
                        Type 'number[]' is not assignable to type 'Easing | Easing[] | undefined'.
                          Type 'number[]' is not assignable to type 'EasingFunction | Easing[]'.
                            Type 'number[]' is not assignable to type 'Easing[]'.
                              Type 'number' is not assignable to type 'Easing'.
src/components/sections/HeroSection.tsx(71,21): error TS2322: Type '{ hidden: { opacity: number; y: number; }; visible: (delay: number) => { opacity: number; y: number; transition: { duration: number; ease: number[]; delay: number; }; }; }' is not assignable to type 'Variants'.
  Property 'visible' is incompatible with index signature.
    Type '(delay: number) => { opacity: number; y: number; transition: { duration: number; ease: number[]; delay: number; }; }' is not assignable to type 'Variant'.
      Type '(delay: number) => { opacity: number; y: number; transition: { duration: number; ease: number[]; delay: number; }; }' is not assignable to type 'TargetResolver'.
        Type '{ opacity: number; y: number; transition: { duration: number; ease: number[]; delay: number; }; }' is not assignable to type 'string | TargetAndTransition'.
          Type '{ opacity: number; y: number; transition: { duration: number; ease: number[]; delay: number; }; }' is not assignable to type 'TargetAndTransition'.
            Type '{ opacity: number; y: number; transition: { duration: number; ease: number[]; delay: number; }; }' is not assignable to type '{ transition?: Transition<any> | undefined; transitionEnd?: ResolvedValues$1 | undefined; }'.
              Types of property 'transition' are incompatible.
                Type '{ duration: number; ease: number[]; delay: number; }' is not assignable to type 'Transition<any> | undefined'.
                  Type '{ duration: number; ease: number[]; delay: number; }' is not assignable to type 'TransitionWithValueOverrides<any>'.
                    Type '{ duration: number; ease: number[]; delay: number; }' is not assignable to type 'ValueAnimationTransition<any>'.
                      Types of property 'ease' are incompatible.
                        Type 'number[]' is not assignable to type 'Easing | Easing[] | undefined'.
                          Type 'number[]' is not assignable to type 'EasingFunction | Easing[]'.
                            Type 'number[]' is not assignable to type 'Easing[]'.
                              Type 'number' is not assignable to type 'Easing'.
src/components/sections/HeroSection.tsx(83,21): error TS2322: Type '{ hidden: { opacity: number; y: number; }; visible: (delay: number) => { opacity: number; y: number; transition: { duration: number; ease: number[]; delay: number; }; }; }' is not assignable to type 'Variants'.
  Property 'visible' is incompatible with index signature.
    Type '(delay: number) => { opacity: number; y: number; transition: { duration: number; ease: number[]; delay: number; }; }' is not assignable to type 'Variant'.
      Type '(delay: number) => { opacity: number; y: number; transition: { duration: number; ease: number[]; delay: number; }; }' is not assignable to type 'TargetResolver'.
        Type '{ opacity: number; y: number; transition: { duration: number; ease: number[]; delay: number; }; }' is not assignable to type 'string | TargetAndTransition'.
          Type '{ opacity: number; y: number; transition: { duration: number; ease: number[]; delay: number; }; }' is not assignable to type 'TargetAndTransition'.
            Type '{ opacity: number; y: number; transition: { duration: number; ease: number[]; delay: number; }; }' is not assignable to type '{ transition?: Transition<any> | undefined; transitionEnd?: ResolvedValues$1 | undefined; }'.
              Types of property 'transition' are incompatible.
                Type '{ duration: number; ease: number[]; delay: number; }' is not assignable to type 'Transition<any> | undefined'.
                  Type '{ duration: number; ease: number[]; delay: number; }' is not assignable to type 'TransitionWithValueOverrides<any>'.
                    Type '{ duration: number; ease: number[]; delay: number; }' is not assignable to type 'ValueAnimationTransition<any>'.
                      Types of property 'ease' are incompatible.
                        Type 'number[]' is not assignable to type 'Easing | Easing[] | undefined'.
                          Type 'number[]' is not assignable to type 'EasingFunction | Easing[]'.
                            Type 'number[]' is not assignable to type 'Easing[]'.
                              Type 'number' is not assignable to type 'Easing'.
src/components/sections/HeroSection.tsx(92,21): error TS2322: Type '{ hidden: { opacity: number; y: number; }; visible: (delay: number) => { opacity: number; y: number; transition: { duration: number; ease: number[]; delay: number; }; }; }' is not assignable to type 'Variants'.
  Property 'visible' is incompatible with index signature.
    Type '(delay: number) => { opacity: number; y: number; transition: { duration: number; ease: number[]; delay: number; }; }' is not assignable to type 'Variant'.
      Type '(delay: number) => { opacity: number; y: number; transition: { duration: number; ease: number[]; delay: number; }; }' is not assignable to type 'TargetResolver'.
        Type '{ opacity: number; y: number; transition: { duration: number; ease: number[]; delay: number; }; }' is not assignable to type 'string | TargetAndTransition'.
          Type '{ opacity: number; y: number; transition: { duration: number; ease: number[]; delay: number; }; }' is not assignable to type 'TargetAndTransition'.
            Type '{ opacity: number; y: number; transition: { duration: number; ease: number[]; delay: number; }; }' is not assignable to type '{ transition?: Transition<any> | undefined; transitionEnd?: ResolvedValues$1 | undefined; }'.
              Types of property 'transition' are incompatible.
                Type '{ duration: number; ease: number[]; delay: number; }' is not assignable to type 'Transition<any> | undefined'.
                  Type '{ duration: number; ease: number[]; delay: number; }' is not assignable to type 'TransitionWithValueOverrides<any>'.
                    Type '{ duration: number; ease: number[]; delay: number; }' is not assignable to type 'ValueAnimationTransition<any>'.
                      Types of property 'ease' are incompatible.
                        Type 'number[]' is not assignable to type 'Easing | Easing[] | undefined'.
                          Type 'number[]' is not assignable to type 'EasingFunction | Easing[]'.
                            Type 'number[]' is not assignable to type 'Easing[]'.
                              Type 'number' is not assignable to type 'Easing'.
src/components/sections/HeroSection.tsx(103,21): error TS2322: Type '{ hidden: { opacity: number; y: number; }; visible: (delay: number) => { opacity: number; y: number; transition: { duration: number; ease: number[]; delay: number; }; }; }' is not assignable to type 'Variants'.
  Property 'visible' is incompatible with index signature.
    Type '(delay: number) => { opacity: number; y: number; transition: { duration: number; ease: number[]; delay: number; }; }' is not assignable to type 'Variant'.
      Type '(delay: number) => { opacity: number; y: number; transition: { duration: number; ease: number[]; delay: number; }; }' is not assignable to type 'TargetResolver'.
        Type '{ opacity: number; y: number; transition: { duration: number; ease: number[]; delay: number; }; }' is not assignable to type 'string | TargetAndTransition'.
          Type '{ opacity: number; y: number; transition: { duration: number; ease: number[]; delay: number; }; }' is not assignable to type 'TargetAndTransition'.
            Type '{ opacity: number; y: number; transition: { duration: number; ease: number[]; delay: number; }; }' is not assignable to type '{ transition?: Transition<any> | undefined; transitionEnd?: ResolvedValues$1 | undefined; }'.
              Types of property 'transition' are incompatible.
                Type '{ duration: number; ease: number[]; delay: number; }' is not assignable to type 'Transition<any> | undefined'.
                  Type '{ duration: number; ease: number[]; delay: number; }' is not assignable to type 'TransitionWithValueOverrides<any>'.
                    Type '{ duration: number; ease: number[]; delay: number; }' is not assignable to type 'ValueAnimationTransition<any>'.
                      Types of property 'ease' are incompatible.
                        Type 'number[]' is not assignable to type 'Easing | Easing[] | undefined'.
                          Type 'number[]' is not assignable to type 'EasingFunction | Easing[]'.
                            Type 'number[]' is not assignable to type 'Easing[]'.
                              Type 'number' is not assignable to type 'Easing'.
src/components/sections/Hospitality.tsx(61,42): error TS2322: Type '{ hidden: { opacity: number; y: number; filter: string; }; visible: { opacity: number; y: number; filter: string; transition: { duration: number; ease: number[]; }; }; }' is not assignable to type 'Variants'.
  Property 'visible' is incompatible with index signature.
    Type '{ opacity: number; y: number; filter: string; transition: { duration: number; ease: number[]; }; }' is not assignable to type 'Variant'.
      Type '{ opacity: number; y: number; filter: string; transition: { duration: number; ease: number[]; }; }' is not assignable to type 'TargetAndTransition'.
        Type '{ opacity: number; y: number; filter: string; transition: { duration: number; ease: number[]; }; }' is not assignable to type '{ transition?: Transition<any> | undefined; transitionEnd?: ResolvedValues$1 | undefined; }'.
          Types of property 'transition' are incompatible.
            Type '{ duration: number; ease: number[]; }' is not assignable to type 'Transition<any> | undefined'.
              Type '{ duration: number; ease: number[]; }' is not assignable to type 'TransitionWithValueOverrides<any>'.
                Type '{ duration: number; ease: number[]; }' is not assignable to type 'ValueAnimationTransition<any>'.
                  Types of property 'ease' are incompatible.
                    Type 'number[]' is not assignable to type 'Easing | Easing[] | undefined'.
                      Type 'number[]' is not assignable to type 'EasingFunction | Easing[]'.
                        Type 'number[]' is not assignable to type 'Easing[]'.
                          Type 'number' is not assignable to type 'Easing'.
src/components/sections/Hospitality.tsx(82,25): error TS2322: Type '{ hidden: { opacity: number; x: number; }; visible: (i: number) => { opacity: number; x: number; transition: { duration: number; delay: number; ease: number[]; }; }; }' is not assignable to type 'Variants'.
  Property 'visible' is incompatible with index signature.
    Type '(i: number) => { opacity: number; x: number; transition: { duration: number; delay: number; ease: number[]; }; }' is not assignable to type 'Variant'.
      Type '(i: number) => { opacity: number; x: number; transition: { duration: number; delay: number; ease: number[]; }; }' is not assignable to type 'TargetResolver'.
        Type '{ opacity: number; x: number; transition: { duration: number; delay: number; ease: number[]; }; }' is not assignable to type 'string | TargetAndTransition'.
          Type '{ opacity: number; x: number; transition: { duration: number; delay: number; ease: number[]; }; }' is not assignable to type 'TargetAndTransition'.
            Type '{ opacity: number; x: number; transition: { duration: number; delay: number; ease: number[]; }; }' is not assignable to type '{ transition?: Transition<any> | undefined; transitionEnd?: ResolvedValues$1 | undefined; }'.
              Types of property 'transition' are incompatible.
                Type '{ duration: number; delay: number; ease: number[]; }' is not assignable to type 'Transition<any> | undefined'.
                  Type '{ duration: number; delay: number; ease: number[]; }' is not assignable to type 'TransitionWithValueOverrides<any>'.
                    Type '{ duration: number; delay: number; ease: number[]; }' is not assignable to type 'ValueAnimationTransition<any>'.
                      Types of property 'ease' are incompatible.
                        Type 'number[]' is not assignable to type 'Easing | Easing[] | undefined'.
                          Type 'number[]' is not assignable to type 'EasingFunction | Easing[]'.
                            Type 'number[]' is not assignable to type 'Easing[]'.
                              Type 'number' is not assignable to type 'Easing'.
src/components/sections/PerformanceHub.tsx(40,33): error TS2322: Type '{ hidden: { opacity: number; y: number; }; visible: { opacity: number; y: number; transition: { duration: number; ease: number[]; }; }; }' is not assignable to type 'Variants'.
  Property 'visible' is incompatible with index signature.
    Type '{ opacity: number; y: number; transition: { duration: number; ease: number[]; }; }' is not assignable to type 'Variant'.
      Type '{ opacity: number; y: number; transition: { duration: number; ease: number[]; }; }' is not assignable to type 'TargetAndTransition'.
        Type '{ opacity: number; y: number; transition: { duration: number; ease: number[]; }; }' is not assignable to type '{ transition?: Transition<any> | undefined; transitionEnd?: ResolvedValues$1 | undefined; }'.
          Types of property 'transition' are incompatible.
            Type '{ duration: number; ease: number[]; }' is not assignable to type 'Transition<any> | undefined'.
              Type '{ duration: number; ease: number[]; }' is not assignable to type 'TransitionWithValueOverrides<any>'.
                Type '{ duration: number; ease: number[]; }' is not assignable to type 'ValueAnimationTransition<any>'.
                  Types of property 'ease' are incompatible.
                    Type 'number[]' is not assignable to type 'Easing | Easing[] | undefined'.
                      Type 'number[]' is not assignable to type 'EasingFunction | Easing[]'.
                        Type 'number[]' is not assignable to type 'Easing[]'.
                          Type 'number' is not assignable to type 'Easing'.
src/components/sections/RecoveryLab.tsx(59,25): error TS2322: Type '{ hidden: { opacity: number; y: number; }; visible: { opacity: number; y: number; transition: { duration: number; ease: number[]; }; }; }' is not assignable to type 'Variants'.
  Property 'visible' is incompatible with index signature.
    Type '{ opacity: number; y: number; transition: { duration: number; ease: number[]; }; }' is not assignable to type 'Variant'.
      Type '{ opacity: number; y: number; transition: { duration: number; ease: number[]; }; }' is not assignable to type 'TargetAndTransition'.
        Type '{ opacity: number; y: number; transition: { duration: number; ease: number[]; }; }' is not assignable to type '{ transition?: Transition<any> | undefined; transitionEnd?: ResolvedValues$1 | undefined; }'.
          Types of property 'transition' are incompatible.
            Type '{ duration: number; ease: number[]; }' is not assignable to type 'Transition<any> | undefined'.
              Type '{ duration: number; ease: number[]; }' is not assignable to type 'TransitionWithValueOverrides<any>'.
                Type '{ duration: number; ease: number[]; }' is not assignable to type 'ValueAnimationTransition<any>'.
                  Types of property 'ease' are incompatible.
                    Type 'number[]' is not assignable to type 'Easing | Easing[] | undefined'.
                      Type 'number[]' is not assignable to type 'EasingFunction | Easing[]'.
                        Type 'number[]' is not assignable to type 'Easing[]'.
                          Type 'number' is not assignable to type 'Easing'.
